make: *** [Makefile:12: run] Ошибка сегментирования (сделан дамп памяти)