Division by zero! (runtime)
print (temp (5, (1 / 0)) {0} * factorial ((5 / 0), (7 / 0)) {0})