Division by zero! (runtime)
if (temp {0} + ((7 / {10}) * (5 + ((11 / 0) / {not scanned})))) { ... }